🦞 IMAP IDLE Listener for OpenClaw
Webhook: http://127.0.0.1:18789/hooks/wake
Starting listener for dparmeev (dparmeev@luminesfox.com)Started thread for dparmeev

Starting listener for spam (spam@jakeberrimor.com)
Started thread for spam
Starting listener for contact (contact@jakeberrimor.com)
Started thread for contact
Starting listener for contact-lumines (contact@luminesfox.com)Started thread for contact-lumines

✅ Monitoring 4 accounts

Press Ctrl+C to stop

✅ Connected to spam
✅ Connected to dparmeev
✅ Connected to contact-lumines
✅ Webhook sent for spam: 🧪 Test #2 - IMAP IDLE (ALL messages fix)
✅ Webhook sent for dparmeev: Для Аркаши
✅ Connected to contact
✅ Webhook sent for contact-lumines: Итоги Рейтинга р
✅ Webhook sent for contact: 🧪 IMAP IDLE Test - Event-Driven Email
🦞 IMAP IDLE Listener for OpenClaw
Webhook: http://127.0.0.1:18789/hooks/wake
Starting listener for dparmeev (dparmeev@luminesfox.com)Started thread for dparmeev

Starting listener for spam (spam@jakeberrimor.com)
Started thread for spam
Starting listener for contact (contact@jakeberrimor.com)
Started thread for contact
Starting listener for contact-lumines (contact@luminesfox.com)Started thread for contact-lumines

✅ Monitoring 4 accounts
Press Ctrl+C to stop


✅ Connected to contact
✅ Connected to spam
✅ Connected to dparmeev
✅ Connected to contact-lumines
✅ Webhook sent for spam: Аркаша пр✅ Webhook sent for contact: Для Аркаши

✅ Webhook sent for contact-lumines: Итоги Рейтинга р
✅ Webhook sent for dparmeev: Для Аркаши
✅ Webhook sent for spam: Аркаша пр
✅ Webhook sent for contact-lumines: Итоги Рейтинга р
✅ Webhook sent for dparmeev: Для Аркаши
✅ Webhook sent for spam: Аркаша пр
✅ Webhook sent for contact: Для Аркаши
✅ Webhook sent for contact-lumines: Итоги Рейтинга р
✅ Webhook sent for dparmeev: Для Аркаши
✅ Webhook sent for spam: Аркаша пр
✅ Webhook sent for contact: Для Аркаши
✅ Webhook sent for contact-lumines: Итоги Рейтинга р
✅ Webhook sent for dparmeev: Для Аркаши
✅ Webhook sent for spam: Аркаша пр
✅ Webhook sent for contact: Для Аркаши
✅ Webhook sent for dparmeev: Для Аркаши
✅ Webhook sent for spam: Аркаша пр
✅ Webhook sent for contact: Для Аркаши
✅ Webhook sent for contact-lumines: Итоги Рейтинга р
✅ Webhook sent for contact: Для Аркаши
✅ Webhook sent for dparmeev: Для Аркаши
✅ Webhook sent for contact-lumines: Итоги Рейтинга р
✅ Webhook sent for spam: Аркаша пр
✅ Webhook sent for contact: Для Аркаши
✅ Webhook sent for dparmeev: Для Аркаши
✅ Webhook sent for contact-lumines: Итоги Рейтинга р
✅ Webhook sent for spam: Аркаша пр
✅ Webhook sent for contact: Для Аркаши
✅ Webhook sent for dparmeev: Для Аркаши
✅ Webhook sent for spam: Аркаша пр
✅ Webhook sent for contact-lumines: Итоги Рейтинга р
✅ Webhook sent for contact: Для Аркаши
✅ Webhook sent for spam: Аркаша пр
✅ Webhook sent for dparmeev: Для Аркаши
✅ Webhook sent for contact: Для Аркаши
✅ Webhook sent for contact-lumines: Итоги Рейтинга р
✅ Webhook sent for contact: Для Аркаши
✅ Webhook sent for dparmeev: Для Аркаши
✅ Webhook sent for contact-lumines: Итоги Рейтинга р
✅ Webhook sent for spam: Аркаша пр
✅ Webhook sent for dparmeev: Для Аркаши
✅ Webhook sent for contact-lumines: Итоги Рейтинга р
✅ Webhook sent for spam: Аркаша пр
✅ Webhook sent for contact: Для Аркаши
✅ Webhook sent for dparmeev: Для Аркаши
✅ Webhook sent for spam: Аркаша пр
✅ Webhook sent for contact-lumines: Итоги Рейтинга р
✅ Webhook sent for spam: Аркаша пр
✅ Webhook sent for contact: Для Аркаши
✅ Webhook sent for dparmeev: Для Аркаши
✅ Webhook sent for spam: Аркаша пр
✅ Webhook sent for contact: Для Аркаши
✅ Webhook sent for contact-lumines: Итоги Рейтинга р
✅ Webhook sent for dparmeev: Для Аркаши
✅ Webhook sent for spam: Аркаша пр
✅ Webhook sent for contact: Для Аркаши
✅ Webhook sent for contact-lumines: Итоги Рейтинга р
✅ Webhook sent for dparmeev: Для Аркаши
✅ Webhook sent for spam: Аркаша пр
✅ Webhook sent for contact: Для Аркаши
✅ Webhook sent for dparmeev: Для Аркаши
✅ Webhook sent for spam: Аркаша пр
✅ Webhook sent for contact: Для Аркаши
✅ Webhook sent for contact-lumines: Итоги Рейтинга р
✅ Webhook sent for spam: Аркаша пр
✅ Webhook sent for contact: Для Аркаши
✅ Webhook sent for dparmeev: Для Аркаши
✅ Webhook sent for contact-lumines: Итоги Рейтинга р
✅ Webhook sent for spam: Аркаша пр
✅ Webhook sent for contact: Для Аркаши
✅ Webhook sent for dparmeev: Для Аркаши
✅ Webhook sent for contact-lumines: Итоги Рейтинга р
✅ Webhook sent for spam: Аркаша пр
✅ Webhook sent for contact: Для Аркаши
✅ Webhook sent for dparmeev: Для Аркаши
✅ Webhook sent for contact-lumines: Итоги Рейтинга р
✅ Webhook sent for spam: Аркаша пр
✅ Webhook sent for contact: Для Аркаши
✅ Webhook sent for contact-lumines: Итоги Рейтинга р
✅ Webhook sent for dparmeev: Для Аркаши
✅ Webhook sent for spam: Аркаша пр
✅ Webhook sent for contact: Для Аркаши
✅ Webhook sent for contact-lumines: Итоги Рейтинга р
✅ Webhook sent for spam: Аркаша пр
✅ Webhook sent for dparmeev: Для Аркаши
✅ Webhook sent for contact: Для Аркаши
✅ Webhook sent for spam: Аркаша пр
✅ Webhook sent for contact-lumines: Итоги Рейтинга р
✅ Webhook sent for contact: Для Аркаши
✅ Webhook sent for dparmeev: Для Аркаши
✅ Webhook sent for spam: Аркаша пр
✅ Webhook sent for contact: Для Аркаши
✅ Webhook sent for dparmeev: Для Аркаши
✅ Webhook sent for contact-lumines: Итоги Рейтинга р
✅ Webhook sent for spam: Аркаша пр
✅ Webhook sent for contact: Для Аркаши
✅ Webhook sent for dparmeev: Для Аркаши
✅ Webhook sent for contact-lumines: Итоги Рейтинга р
✅ Webhook sent for spam: Аркаша пр
✅ Webhook sent for contact: Для Аркаши
✅ Webhook sent for spam: Аркаша пр
✅ Webhook sent for contact-lumines: Итоги Рейтинга р
✅ Webhook sent for dparmeev: Для Аркаши
✅ Webhook sent for spam: Аркаша пр
✅ Webhook sent for contact-lumines: Итоги Рейтинга р
✅ Webhook sent for contact: Для Аркаши
✅ Webhook sent for dparmeev: Для Аркаши
✅ Webhook sent for spam: Аркаша пр
✅ Webhook sent for contact-lumines: Итоги Рейтинга р
✅ Webhook sent for contact: Для Аркаши
✅ Webhook sent for dparmeev: Для Аркаши
✅ Webhook sent for spam: Аркаша пр
✅ Webhook sent for contact-lumines: Итоги Рейтинга р
✅ Webhook sent for contact: Для Аркаши
✅ Webhook sent for dparmeev: Для Аркаши
✅ Webhook sent for contact: Для Аркаши
✅ Webhook sent for contact-lumines: Итоги Рейтинга р
✅ Webhook sent for spam: Аркаша пр
✅ Webhook sent for contact: Для Аркаши
✅ Webhook sent for dparmeev: Для Аркаши
✅ Webhook sent for contact-lumines: Итоги Рейтинга р
✅ Webhook sent for spam: Аркаша пр
✅ Webhook sent for contact: Для Аркаши
✅ Webhook sent for contact-lumines: Итоги Рейтинга р
✅ Webhook sent for dparmeev: Для Аркаши
✅ Webhook sent for spam: Аркаша пр
✅ Webhook sent for contact: Для Аркаши
✅ Webhook sent for contact-lumines: Итоги Рейтинга р
✅ Webhook sent for dparmeev: Для Аркаши
✅ Webhook sent for spam: Аркаша пр
✅ Webhook sent for contact: Для Аркаши
✅ Webhook sent for contact-lumines: Итоги Рейтинга р
✅ Webhook sent for dparmeev: Для Аркаши
✅ Webhook sent for spam: Аркаша пр
✅ Webhook sent for contact: Для Аркаши
🦞 IMAP IDLE Listener for OpenClaw
Webhook: http://127.0.0.1:18789/hooks/wake
Starting listener for dparmeev (dparmeev@luminesfox.com)Started thread for dparmeev

Starting listener for spam (spam@jakeberrimor.com)
Started thread for spam
Starting listener for contact (contact@jakeberrimor.com)
Started thread for contact
Starting listener for contact-lumines (contact@luminesfox.com)
Started thread for contact-lumines

✅ Monitoring 4 accounts
Press Ctrl+C to stop

✅ Connected to spam
✅ Connected to contact-lumines
✅ Webhook sent for spam: Аркаша пр
✅ Webhook sent for contact-lumines: Итоги Рейтинга р
✅ Connected to contact
✅ Connected to dparmeev
✅ Webhook sent for spam: Аркаша пр
✅ Webhook sent for contact: Для Аркаши
✅ Webhook sent for contact-lumines: Итоги Рейтинга р
✅ Webhook sent for dparmeev: Для Аркаши
✅ Webhook sent for spam: Аркаша пр
✅ Webhook sent for contact-lumines: Итоги Рейтинга р
✅ Webhook sent for contact: Для Аркаши
✅ Webhook sent for spam: Аркаша пр
✅ Webhook sent for contact: Для Аркаши
✅ Webhook sent for dparmeev: Для Аркаши
✅ Webhook sent for contact-lumines: Итоги Рейтинга р
✅ Webhook sent for spam: Аркаша пр
✅ Webhook sent for contact-lumines: Итоги Рейтинга р
✅ Webhook sent for dparmeev: Для Аркаши
✅ Webhook sent for contact: Для Аркаши
✅ Webhook sent for spam: Аркаша пр
✅ Webhook sent for contact-lumines: Итоги Рейтинга р
✅ Webhook sent for dparmeev: Для Аркаши
✅ Webhook sent for contact: Для Аркаши
✅ Webhook sent for spam: Аркаша пр
✅ Webhook sent for contact-lumines: Итоги Рейтинга р
✅ Webhook sent for contact: Для Аркаши
✅ Webhook sent for dparmeev: Для Аркаши
✅ Webhook sent for spam: Аркаша пр
✅ Webhook sent for contact-lumines: Итоги Рейтинга р
✅ Webhook sent for contact: Для Аркаши
✅ Webhook sent for spam: Аркаша пр
✅ Webhook sent for dparmeev: Для Аркаши
✅ Webhook sent for contact-lumines: Итоги Рейтинга р
✅ Webhook sent for contact: Для Аркаши
✅ Webhook sent for spam: Аркаша пр
✅ Webhook sent for dparmeev: Для Аркаши
✅ Webhook sent for contact-lumines: Итоги Рейтинга р
✅ Webhook sent for contact: Для Аркаши
✅ Webhook sent for spam: Аркаша пр
✅ Webhook sent for contact: Для Аркаши
✅ Webhook sent for spam: Аркаша пр
✅ Webhook sent for contact: Для Аркаши
✅ Webhook sent for contact-lumines: Итоги Рейтинга р
✅ Webhook sent for spam: Аркаша пр
✅ Webhook sent for dparmeev: Для Аркаши
✅ Webhook sent for contact: Для Аркаши
✅ Webhook sent for spam: Аркаша пр
✅ Webhook sent for contact-lumines: Итоги Рейтинга р
✅ Webhook sent for dparmeev: Для Аркаши
✅ Webhook sent for contact: Для Аркаши
✅ Webhook sent for spam: Аркаша пр
✅ Webhook sent for contact-lumines: Итоги Рейтинга р
✅ Webhook sent for dparmeev: Для Аркаши
✅ Webhook sent for contact: Для Аркаши
✅ Webhook sent for spam: Аркаша пр
✅ Webhook sent for contact-lumines: Итоги Рейтинга р
✅ Webhook sent for contact: Для Аркаши
✅ Webhook sent for spam: Аркаша пр
✅ Webhook sent for dparmeev: Для Аркаши
✅ Webhook sent for contact-lumines: Итоги Рейтинга р
✅ Webhook sent for contact: Для Аркаши
✅ Webhook sent for spam: Аркаша пр
✅ Webhook sent for contact-lumines: Итоги Рейтинга р
✅ Webhook sent for dparmeev: Для Аркаши
✅ Webhook sent for contact: Для Аркаши
✅ Webhook sent for spam: Аркаша пр
✅ Webhook sent for contact: Для Аркаши
✅ Webhook sent for dparmeev: Для Аркаши
✅ Webhook sent for contact-lumines: Итоги Рейтинга р
✅ Webhook sent for contact: Для Аркаши
✅ Webhook sent for spam: Аркаша пр
✅ Webhook sent for dparmeev: Для Аркаши
✅ Webhook sent for contact: Для Аркаши
✅ Webhook sent for spam: Аркаша пр
✅ Webhook sent for contact-lumines: Итоги Рейтинга р
✅ Webhook sent for spam: Аркаша пр
✅ Webhook sent for contact: Для Аркаши
✅ Webhook sent for dparmeev: Для Аркаши
✅ Webhook sent for spam: Аркаша пр
✅ Webhook sent for contact: Для Аркаши
✅ Webhook sent for spam: Аркаша пр
✅ Webhook sent for contact: Для Аркаши
✅ Webhook sent for contact-lumines: Итоги Рейтинга р
✅ Webhook sent for contact: Для Аркаши
✅ Webhook sent for spam: Аркаша пр
✅ Webhook sent for dparmeev: Для Аркаши
✅ Webhook sent for contact-lumines: Итоги Рейтинга р
✅ Webhook sent for spam: Аркаша пр
✅ Webhook sent for contact: Для Аркаши
✅ Webhook sent for contact-lumines: Итоги Рейтинга р
✅ Webhook sent for dparmeev: Для Аркаши
✅ Webhook sent for spam: Аркаша пр
✅ Webhook sent for contact: Для Аркаши
✅ Webhook sent for contact-lumines: Итоги Рейтинга р
✅ Webhook sent for dparmeev: Для Аркаши
✅ Webhook sent for spam: Аркаша пр
✅ Webhook sent for contact: Для Аркаши
✅ Webhook sent for contact-lumines: Итоги Рейтинга р
✅ Webhook sent for spam: Аркаша пр
✅ Webhook sent for contact: Для Аркаши
✅ Webhook sent for dparmeev: Для Аркаши
✅ Webhook sent for contact-lumines: Итоги Рейтинга р
✅ Webhook sent for spam: Аркаша пр
✅ Webhook sent for contact: Для Аркаши
✅ Webhook sent for dparmeev: Для Аркаши
✅ Webhook sent for contact-lumines: Итоги Рейтинга р
✅ Webhook sent for spam: Аркаша пр
✅ Webhook sent for contact: Для Аркаши
✅ Webhook sent for dparmeev: Для Аркаши
✅ Webhook sent for contact-lumines: Итоги Рейтинга р
✅ Webhook sent for contact: Для Аркаши
✅ Webhook sent for spam: Аркаша пр
✅ Webhook sent for contact-lumines: Итоги Рейтинга р
✅ Webhook sent for dparmeev: Для Аркаши
✅ Webhook sent for spam: Аркаша пр
✅ Webhook sent for contact: Для Аркаши
✅ Webhook sent for spam: Аркаша пр
✅ Webhook sent for contact: Для Аркаши
✅ Webhook sent for contact-lumines: Итоги Рейтинга р
✅ Webhook sent for dparmeev: Для Аркаши
✅ Webhook sent for spam: Аркаша пр
✅ Webhook sent for contact: Для Аркаши
✅ Webhook sent for contact-lumines: Итоги Рейтинга р
✅ Webhook sent for dparmeev: Для Аркаши
✅ Webhook sent for spam: Аркаша пр
✅ Webhook sent for contact: Для Аркаши
✅ Webhook sent for contact-lumines: Итоги Рейтинга р
✅ Webhook sent for dparmeev: Для Аркаши
✅ Webhook sent for spam: Аркаша пр
✅ Webhook sent for contact: Для Аркаши
✅ Webhook sent for contact-lumines: Итоги Рейтинга р
✅ Webhook sent for spam: Аркаша пр
✅ Webhook sent for dparmeev: Для Аркаши
✅ Webhook sent for contact: Для Аркаши
✅ Webhook sent for contact-lumines: Итоги Рейтинга р
✅ Webhook sent for spam: Аркаша пр
✅ Webhook sent for contact: Для Аркаши
✅ Webhook sent for dparmeev: Для Аркаши
✅ Webhook sent for contact-lumines: Итоги Рейтинга р
✅ Webhook sent for spam: Аркаша пр
✅ Webhook sent for contact: Для Аркаши
✅ Webhook sent for dparmeev: Для Аркаши
✅ Webhook sent for contact-lumines: Итоги Рейтинга р
✅ Webhook sent for spam: Аркаша пр
✅ Webhook sent for contact: Для Аркаши
✅ Webhook sent for contact-lumines: Итоги Рейтинга р
✅ Webhook sent for dparmeev: Для Аркаши
✅ Webhook sent for spam: Аркаша пр
✅ Webhook sent for contact: Для Аркаши
✅ Webhook sent for contact-lumines: Итоги Рейтинга р
✅ Webhook sent for spam: Аркаша пр
✅ Webhook sent for dparmeev: Для Аркаши
✅ Webhook sent for contact: Для Аркаши
✅ Webhook sent for contact-lumines: Итоги Рейтинга р
✅ Webhook sent for spam: Аркаша пр
✅ Webhook sent for contact: Для Аркаши
✅ Webhook sent for dparmeev: Для Аркаши
✅ Webhook sent for contact-lumines: Итоги Рейтинга р
✅ Webhook sent for spam: Аркаша пр
✅ Webhook sent for contact: Для Аркаши
✅ Webhook sent for dparmeev: Для Аркаши
✅ Webhook sent for spam: Аркаша пр
✅ Webhook sent for contact-lumines: Итоги Рейтинга р
✅ Webhook sent for contact: Для Аркаши
✅ Webhook sent for spam: Аркаша пр
✅ Webhook sent for contact-lumines: Итоги Рейтинга р
✅ Webhook sent for contact: Для Аркаши
✅ Webhook sent for dparmeev: Для Аркаши
✅ Webhook sent for spam: Аркаша пр
✅ Webhook sent for contact: Для Аркаши
✅ Webhook sent for dparmeev: Для Аркаши
✅ Webhook sent for contact: Для Аркаши
✅ Webhook sent for contact-lumines: Итоги Рейтинга р
✅ Webhook sent for dparmeev: Для Аркаши
✅ Webhook sent for spam: Аркаша пр
✅ Webhook sent for contact: Для Аркаши
✅ Webhook sent for contact-lumines: Итоги Рейтинга р
✅ Webhook sent for dparmeev: Для Аркаши
✅ Webhook sent for spam: Аркаша пр
✅ Webhook sent for contact: Для Аркаши
✅ Webhook sent for contact-lumines: Итоги Рейтинга р
✅ Webhook sent for spam: Аркаша пр
✅ Webhook sent for contact: Для Аркаши
✅ Webhook sent for contact-lumines: Итоги Рейтинга р
✅ Webhook sent for spam: Аркаша пр
✅ Webhook sent for contact: Для Аркаши
✅ Webhook sent for dparmeev: Для Аркаши
✅ Webhook sent for contact-lumines: Итоги Рейтинга р
✅ Webhook sent for spam: Аркаша пр
✅ Webhook sent for contact: Для Аркаши
✅ Webhook sent for dparmeev: Для Аркаши
✅ Webhook sent for contact-lumines: Итоги Рейтинга р
✅ Webhook sent for spam: Аркаша пр
✅ Webhook sent for contact: Для Аркаши
✅ Webhook sent for dparmeev: Для Аркаши
✅ Webhook sent for contact-lumines: Итоги Рейтинга р
✅ Webhook sent for spam: Аркаша пр
✅ Webhook sent for contact: Для Аркаши
✅ Webhook sent for spam: Аркаша пр
✅ Webhook sent for contact-lumines: Итоги Рейтинга р
✅ Webhook sent for contact: Для Аркаши
✅ Webhook sent for dparmeev: Для Аркаши
✅ Webhook sent for spam: Аркаша пр
✅ Webhook sent for contact: Для Аркаши
✅ Webhook sent for contact-lumines: Итоги Рейтинга р
✅ Webhook sent for spam: Аркаша пр
✅ Webhook sent for contact: Для Аркаши
✅ Webhook sent for contact-lumines: Итоги Рейтинга р
✅ Webhook sent for dparmeev: Для Аркаши
✅ Webhook sent for spam: Аркаша пр
✅ Webhook sent for contact: Для Аркаши
✅ Webhook sent for contact-lumines: Итоги Рейтинга р
✅ Webhook sent for spam: Аркаша пр
✅ Webhook sent for contact: Для Аркаши
✅ Webhook sent for contact-lumines: Итоги Рейтинга р
✅ Webhook sent for spam: Аркаша пр
✅ Webhook sent for contact: Для Аркаши
✅ Webhook sent for dparmeev: Для Аркаши
✅ Webhook sent for contact-lumines: Итоги Рейтинга р
✅ Webhook sent for spam: Аркаша пр
✅ Webhook sent for contact: Для Аркаши
✅ Webhook sent for dparmeev: Для Аркаши
✅ Webhook sent for contact-lumines: Итоги Рейтинга р
✅ Webhook sent for spam: Аркаша пр
✅ Webhook sent for contact-lumines: Итоги Рейтинга р
✅ Webhook sent for dparmeev: Для Аркаши
✅ Webhook sent for spam: Аркаша пр
✅ Webhook sent for contact: Для Аркаши
✅ Webhook sent for contact-lumines: Итоги Рейтинга р
✅ Webhook sent for dparmeev: Для Аркаши
✅ Webhook sent for spam: Аркаша пр
✅ Webhook sent for contact: Для Аркаши
✅ Webhook sent for contact-lumines: Итоги Рейтинга р
✅ Webhook sent for spam: Аркаша пр
✅ Webhook sent for contact: Для Аркаши
✅ Webhook sent for contact-lumines: Итоги Рейтинга р
✅ Webhook sent for spam: Аркаша пр
✅ Webhook sent for contact: Для Аркаши
✅ Webhook sent for dparmeev: Для Аркаши
✅ Webhook sent for contact-lumines: Итоги Рейтинга р
✅ Webhook sent for spam: Аркаша пр
✅ Webhook sent for contact: Для Аркаши
✅ Webhook sent for dparmeev: Для Аркаши
✅ Webhook sent for contact-lumines: Итоги Рейтинга р
✅ Webhook sent for spam: Аркаша пр
✅ Webhook sent for contact: Для Аркаши
✅ Webhook sent for dparmeev: Для Аркаши
✅ Webhook sent for spam: Аркаша пр
✅ Webhook sent for contact-lumines: Итоги Рейтинга р
✅ Webhook sent for contact: Для Аркаши
✅ Webhook sent for spam: Аркаша пр
✅ Webhook sent for dparmeev: Для Аркаши
✅ Webhook sent for contact: Для Аркаши
✅ Webhook sent for contact-lumines: Итоги Рейтинга р
✅ Webhook sent for spam: Аркаша пр
✅ Webhook sent for contact: Для Аркаши
✅ Webhook sent for contact-lumines: Итоги Рейтинга р
✅ Webhook sent for dparmeev: Для Аркаши
✅ Webhook sent for spam: Аркаша пр
✅ Webhook sent for contact: Для Аркаши
✅ Webhook sent for contact-lumines: Итоги Рейтинга р
✅ Webhook sent for dparmeev: Для Аркаши
✅ Webhook sent for spam: Аркаша пр
✅ Webhook sent for contact: Для Аркаши
✅ Webhook sent for contact-lumines: Итоги Рейтинга р
✅ Webhook sent for spam: Аркаша пр
✅ Webhook sent for contact: Для Аркаши
✅ Webhook sent for dparmeev: Для Аркаши
✅ Webhook sent for spam: Аркаша пр
✅ Webhook sent for contact: Для Аркаши
✅ Webhook sent for dparmeev: Для Аркаши
✅ Webhook sent for contact-lumines: Итоги Рейтинга р
✅ Webhook sent for spam: Аркаша пр
✅ Webhook sent for contact: Для Аркаши
✅ Webhook sent for dparmeev: Для Аркаши
✅ Webhook sent for contact-lumines: Итоги Рейтинга р
✅ Webhook sent for spam: Аркаша пр
✅ Webhook sent for contact: Для Аркаши
✅ Webhook sent for dparmeev: Для Аркаши
✅ Webhook sent for spam: Аркаша пр
✅ Webhook sent for contact: Для Аркаши
✅ Webhook sent for contact-lumines: Итоги Рейтинга р
✅ Webhook sent for contact: Для Аркаши
✅ Webhook sent for spam: Аркаша пр
✅ Webhook sent for dparmeev: Для Аркаши
✅ Webhook sent for contact-lumines: Итоги Рейтинга р
✅ Webhook sent for contact: Для Аркаши
✅ Webhook sent for spam: Аркаша пр
✅ Webhook sent for dparmeev: Для Аркаши
✅ Webhook sent for spam: Аркаша пр
✅ Webhook sent for contact: Для Аркаши
✅ Webhook sent for contact-lumines: Итоги Рейтинга р
